// Jest Snapshot v1, https://goo.gl/fbAQLP

exports[`matches snapshot 1`] = `
<div>
  <div
    class="Snowman"
  >
    <img
      alt="0"
      src="6"
    />
    <p>
      Number of Wrong Guesses: 
      0
    </p>
    <p
      class="Snowman-word"
    >
      _
    </p>
    <p>
      <button
        value="a"
      >
        a
      </button>
      <button
        value="b"
      >
        b
      </button>
      <button
        value="c"
      >
        c
      </button>
      <button
        value="d"
      >
        d
      </button>
      <button
        value="e"
      >
        e
      </button>
      <button
        value="f"
      >
        f
      </button>
      <button
        value="g"
      >
        g
      </button>
      <button
        value="h"
      >
        h
      </button>
      <button
        value="i"
      >
        i
      </button>
      <button
        value="j"
      >
        j
      </button>
      <button
        value="k"
      >
        k
      </button>
      <button
        value="l"
      >
        l
      </button>
      <button
        value="m"
      >
        m
      </button>
      <button
        value="n"
      >
        n
      </button>
      <button
        value="o"
      >
        o
      </button>
      <button
        value="p"
      >
        p
      </button>
      <button
        value="q"
      >
        q
      </button>
      <button
        value="r"
      >
        r
      </button>
      <button
        value="s"
      >
        s
      </button>
      <button
        value="t"
      >
        t
      </button>
      <button
        value="u"
      >
        u
      </button>
      <button
        value="v"
      >
        v
      </button>
      <button
        value="w"
      >
        w
      </button>
      <button
        value="x"
      >
        x
      </button>
      <button
        value="y"
      >
        y
      </button>
      <button
        value="z"
      >
        z
      </button>
    </p>
  </div>
</div>
`;

exports[`renders crashes after 6 guesses 1`] = `
<div>
  <div>
    <h3
      class="lose"
    >
      You lose!
    </h3>
    <h5>
      apple
    </h5>
  </div>
</div>
`;
